> Task :app:preBuild UP-TO-DATE
> Task :app:preDebugBuild UP-TO-DATE
> Task :app:checkKotlinGradlePluginConfigurationErrors SKIPPED
> Task :app:generateDebugBuildConfig UP-TO-DATE
> Task :app:checkDebugAarMetadata UP-TO-DATE
> Task :app:generateDebugResValues UP-TO-DATE
> Task :app:mapDebugSourceSetPaths UP-TO-DATE
> Task :app:generateDebugResources UP-TO-DATE
> Task :app:mergeDebugResources UP-TO-DATE
> Task :app:packageDebugResources UP-TO-DATE
> Task :app:parseDebugLocalResources UP-TO-DATE
> Task :app:createDebugCompatibleScreenManifests UP-TO-DATE
> Task :app:extractDeepLinksDebug UP-TO-DATE
> Task :app:processDebugMainManifest UP-TO-DATE
> Task :app:processDebugManifest UP-TO-DATE
> Task :app:processDebugManifestForPackage UP-TO-DATE
> Task :app:processDebugResources UP-TO-DATE
> Task :app:kspDebugKotlin UP-TO-DATE
> Task :app:compileDebugKotlin UP-TO-DATE
> Task :app:javaPreCompileDebug UP-TO-DATE
> Task :app:compileDebugJavaWithJavac UP-TO-DATE
> Task :app:hiltAggregateDepsDebug UP-TO-DATE
> Task :app:hiltJavaCompileDebug UP-TO-DATE
> Task :app:transformDebugClassesWithAsm UP-TO-DATE
> Task :app:preDebugUnitTestBuild UP-TO-DATE
> Task :app:processDebugJavaRes UP-TO-DATE
> Task :app:javaPreCompileDebugUnitTest
> Task :app:bundleDebugClassesToRuntimeJar
> Task :app:bundleDebugClassesToCompileJar
> Task :app:kspDebugUnitTestKotlin

> Task :app:compileDebugUnitTestKotlin
w: file:///C:/Users/mcjun/Desktop/webs/erp/app/src/test/java/com/evecorp/erp/data/repository/WalletRepositoryTest.kt:56:94 'fun create(contentType: MediaType?, content: String): ResponseBody' is deprecated. Moved to extension function. Put the 'content' argument first to fix Java.
w: file:///C:/Users/mcjun/Desktop/webs/erp/app/src/test/java/com/evecorp/erp/data/repository/WalletRepositoryTest.kt:74:116 'fun create(contentType: MediaType?, content: String): ResponseBody' is deprecated. Moved to extension function. Put the 'content' argument first to fix Java.
w: file:///C:/Users/mcjun/Desktop/webs/erp/app/src/test/java/com/evecorp/erp/data/repository/WalletRepositoryTest.kt:88:114 'fun create(contentType: MediaType?, content: String): ResponseBody' is deprecated. Moved to extension function. Put the 'content' argument first to fix Java.

> Task :app:compileDebugUnitTestJavaWithJavac NO-SOURCE
> Task :app:hiltAggregateDepsDebugUnitTest
> Task :app:hiltJavaCompileDebugUnitTest NO-SOURCE
> Task :app:processDebugUnitTestJavaRes
> Task :app:transformDebugUnitTestClassesWithAsm
.\gradlew.bat : Java HotSpot(TM) 64-Bit Server VM warning: Sharing is only supported for boot loader classes because bootstrap class
path has been appended
所在位置 行:1 字符: 222
+ ... \mcjun\Desktop\webs\erp; .\gradlew.bat testDebugUnitTest 2>&1 | Out-F ...
+                              ~~~~~~~~~~~~~~~~~~~~~~~~~~~~~~~~~~~~
    + CategoryInfo          : NotSpecified: (Java HotSpot(TM...s been appended:String) [], RemoteException
    + FullyQualifiedErrorId : NativeCommandError
 
> Task :app:testDebugUnitTest

BUILD SUCCESSFUL in 25s
31 actionable tasks: 9 executed, 22 up-to-date
